// Jest Snapshot v1, https://goo.gl/fbAQLP

exports[`Header renders correctly 1`] = `
<header
  className="header"
>
  <h1
    className="title"
  >
    Example application
  </h1>
  <img
    alt=""
    className="logo"
    src="test-file-stub"
  />
  <nav
    className="navigation"
  >
    <ul>
      <li>
        <a
          href="/"
          onClick={[Function]}
        >
          Index
        </a>
      </li>
      <li>
        <a
          href="/repos"
          onClick={[Function]}
        >
          Repo search
        </a>
      </li>
    </ul>
  </nav>
</header>
`;
